// Jest Snapshot v1, https://goo.gl/fbAQLP

exports[`Snapshot test 1`] = `
<AppLayout
  ariaLabels={
    Object {
      "navigation": "Side navigation",
      "navigationClose": "Close side navigation",
      "navigationToggle": "Open side navigation",
      "notifications": "Notifications",
      "tools": "Help panel",
      "toolsClose": "Close help panel",
      "toolsToggle": "Open help panel",
    }
  }
  breadcrumbs={<Breadcrumbs />}
  content={
    <Box>
      <SpaceBetween
        size="m"
      >
        <Wizard
          activeStepIndex={0}
          i18nStrings={
            Object {
              "cancelButton": "Cancel",
              "collapsedStepsLabel": [Function],
              "errorIconAriaLabel": "Error",
              "navigationAriaLabel": "Steps",
              "nextButton": "Next",
              "optional": "optional",
              "previousButton": "Previous",
              "stepNumberLabel": [Function],
              "submitButton": "Deploy use case",
            }
          }
          onCancel={[Function]}
          onNavigate={[Function]}
          onSubmit={[Function]}
          steps={
            Array [
              Object {
                "content": <UseCase
                  info={
                    Object {
                      "knowledgeBase": Object {
                        "existingKendraIndex": "",
                        "inError": false,
                        "isRagRequired": false,
                        "kendraAdditionalQueryCapacity": 0,
                        "kendraAdditionalStorageCapacity": 0,
                        "kendraEdition": Object {
                          "label": "Developer",
                          "value": "developer",
                        },
                        "kendraIndexId": "",
                        "kendraIndexName": "",
                        "knowledgeBaseType": Object {
                          "label": "Kendra",
                          "value": "Kendra",
                        },
                        "maxNumDocs": 2,
                        "outputPathSchema": "",
                        "returnDocumentSource": false,
                      },
                      "model": Object {
                        "apiKey": "",
                        "inError": false,
                        "inferenceEndpoint": "",
                        "modelFamily": "",
                        "modelName": "",
                        "modelParameters": Array [],
                        "modelProvider": Object {
                          "label": "",
                          "value": "",
                        },
                        "promptTemplate": "",
                        "sagemakerEndpointName": "",
                        "sagemakerInputSchema": "{
  \\"input\\": \\"<<prompt>>\\",
  \\"parameters\\": {
    \\"temperature\\": \\"<<temperature>>\\"
  }
}",
                        "sagemakerOutputSchema": "",
                        "streaming": false,
                        "temperature": 0.1,
                        "verbose": false,
                      },
                      "useCase": Object {
                        "defaultUserEmail": "",
                        "inError": false,
                        "useCase": Object {
                          "label": "Text",
                          "value": "Chat",
                        },
                        "useCaseDescription": "",
                        "useCaseName": "",
                      },
                      "vpc": Object {
                        "existingVpc": false,
                        "isVpcRequired": false,
                        "securityGroupIds": Array [],
                        "subnetIds": Array [],
                        "vpcId": "",
                      },
                    }
                  }
                  onChange={[Function]}
                  setActiveStepIndex={[Function]}
                  setHelpPanelContent={[Function]}
                />,
                "info": <InfoLink
                  ariaLabel="Information about Select use case."
                  onFollow={[Function]}
                />,
                "isOptional": false,
                "title": "Select use case",
              },
              Object {
                "content": <Vpc
                  info={
                    Object {
                      "knowledgeBase": Object {
                        "existingKendraIndex": "",
                        "inError": false,
                        "isRagRequired": false,
                        "kendraAdditionalQueryCapacity": 0,
                        "kendraAdditionalStorageCapacity": 0,
                        "kendraEdition": Object {
                          "label": "Developer",
                          "value": "developer",
                        },
                        "kendraIndexId": "",
                        "kendraIndexName": "",
                        "knowledgeBaseType": Object {
                          "label": "Kendra",
                          "value": "Kendra",
                        },
                        "maxNumDocs": 2,
                        "outputPathSchema": "",
                        "returnDocumentSource": false,
                      },
                      "model": Object {
                        "apiKey": "",
                        "inError": false,
                        "inferenceEndpoint": "",
                        "modelFamily": "",
                        "modelName": "",
                        "modelParameters": Array [],
                        "modelProvider": Object {
                          "label": "",
                          "value": "",
                        },
                        "promptTemplate": "",
                        "sagemakerEndpointName": "",
                        "sagemakerInputSchema": "{
  \\"input\\": \\"<<prompt>>\\",
  \\"parameters\\": {
    \\"temperature\\": \\"<<temperature>>\\"
  }
}",
                        "sagemakerOutputSchema": "",
                        "streaming": false,
                        "temperature": 0.1,
                        "verbose": false,
                      },
                      "useCase": Object {
                        "defaultUserEmail": "",
                        "inError": false,
                        "useCase": Object {
                          "label": "Text",
                          "value": "Chat",
                        },
                        "useCaseDescription": "",
                        "useCaseName": "",
                      },
                      "vpc": Object {
                        "existingVpc": false,
                        "isVpcRequired": false,
                        "securityGroupIds": Array [],
                        "subnetIds": Array [],
                        "vpcId": "",
                      },
                    }
                  }
                  onChange={[Function]}
                  setActiveStepIndex={[Function]}
                  setHelpPanelContent={[Function]}
                />,
                "info": <InfoLink
                  ariaLabel="Information about Select network configuration."
                  onFollow={[Function]}
                />,
                "isOptional": true,
                "title": "Select network configuration",
              },
              Object {
                "content": <Model
                  info={
                    Object {
                      "knowledgeBase": Object {
                        "existingKendraIndex": "",
                        "inError": false,
                        "isRagRequired": false,
                        "kendraAdditionalQueryCapacity": 0,
                        "kendraAdditionalStorageCapacity": 0,
                        "kendraEdition": Object {
                          "label": "Developer",
                          "value": "developer",
                        },
                        "kendraIndexId": "",
                        "kendraIndexName": "",
                        "knowledgeBaseType": Object {
                          "label": "Kendra",
                          "value": "Kendra",
                        },
                        "maxNumDocs": 2,
                        "outputPathSchema": "",
                        "returnDocumentSource": false,
                      },
                      "model": Object {
                        "apiKey": "",
                        "inError": false,
                        "inferenceEndpoint": "",
                        "modelFamily": "",
                        "modelName": "",
                        "modelParameters": Array [],
                        "modelProvider": Object {
                          "label": "",
                          "value": "",
                        },
                        "promptTemplate": "",
                        "sagemakerEndpointName": "",
                        "sagemakerInputSchema": "{
  \\"input\\": \\"<<prompt>>\\",
  \\"parameters\\": {
    \\"temperature\\": \\"<<temperature>>\\"
  }
}",
                        "sagemakerOutputSchema": "",
                        "streaming": false,
                        "temperature": 0.1,
                        "verbose": false,
                      },
                      "useCase": Object {
                        "defaultUserEmail": "",
                        "inError": false,
                        "useCase": Object {
                          "label": "Text",
                          "value": "Chat",
                        },
                        "useCaseDescription": "",
                        "useCaseName": "",
                      },
                      "vpc": Object {
                        "existingVpc": false,
                        "isVpcRequired": false,
                        "securityGroupIds": Array [],
                        "subnetIds": Array [],
                        "vpcId": "",
                      },
                    }
                  }
                  onChange={[Function]}
                  setActiveStepIndex={[Function]}
                  setHelpPanelContent={[Function]}
                />,
                "info": <InfoLink
                  ariaLabel="Information about Select model."
                  onFollow={[Function]}
                />,
                "isOptional": false,
                "title": "Select model",
              },
              Object {
                "content": <KnowledgeBase
                  info={
                    Object {
                      "knowledgeBase": Object {
                        "existingKendraIndex": "",
                        "inError": false,
                        "isRagRequired": false,
                        "kendraAdditionalQueryCapacity": 0,
                        "kendraAdditionalStorageCapacity": 0,
                        "kendraEdition": Object {
                          "label": "Developer",
                          "value": "developer",
                        },
                        "kendraIndexId": "",
                        "kendraIndexName": "",
                        "knowledgeBaseType": Object {
                          "label": "Kendra",
                          "value": "Kendra",
                        },
                        "maxNumDocs": 2,
                        "outputPathSchema": "",
                        "returnDocumentSource": false,
                      },
                      "model": Object {
                        "apiKey": "",
                        "inError": false,
                        "inferenceEndpoint": "",
                        "modelFamily": "",
                        "modelName": "",
                        "modelParameters": Array [],
                        "modelProvider": Object {
                          "label": "",
                          "value": "",
                        },
                        "promptTemplate": "",
                        "sagemakerEndpointName": "",
                        "sagemakerInputSchema": "{
  \\"input\\": \\"<<prompt>>\\",
  \\"parameters\\": {
    \\"temperature\\": \\"<<temperature>>\\"
  }
}",
                        "sagemakerOutputSchema": "",
                        "streaming": false,
                        "temperature": 0.1,
                        "verbose": false,
                      },
                      "useCase": Object {
                        "defaultUserEmail": "",
                        "inError": false,
                        "useCase": Object {
                          "label": "Text",
                          "value": "Chat",
                        },
                        "useCaseDescription": "",
                        "useCaseName": "",
                      },
                      "vpc": Object {
                        "existingVpc": false,
                        "isVpcRequired": false,
                        "securityGroupIds": Array [],
                        "subnetIds": Array [],
                        "vpcId": "",
                      },
                    }
                  }
                  onChange={[Function]}
                  setActiveStepIndex={[Function]}
                  setHelpPanelContent={[Function]}
                />,
                "info": <InfoLink
                  ariaLabel="Information about Select knowledge base."
                  onFollow={[Function]}
                />,
                "isOptional": true,
                "title": "Select knowledge base",
              },
              Object {
                "content": <Review
                  info={
                    Object {
                      "knowledgeBase": Object {
                        "existingKendraIndex": "",
                        "inError": false,
                        "isRagRequired": false,
                        "kendraAdditionalQueryCapacity": 0,
                        "kendraAdditionalStorageCapacity": 0,
                        "kendraEdition": Object {
                          "label": "Developer",
                          "value": "developer",
                        },
                        "kendraIndexId": "",
                        "kendraIndexName": "",
                        "knowledgeBaseType": Object {
                          "label": "Kendra",
                          "value": "Kendra",
                        },
                        "maxNumDocs": 2,
                        "outputPathSchema": "",
                        "returnDocumentSource": false,
                      },
                      "model": Object {
                        "apiKey": "",
                        "inError": false,
                        "inferenceEndpoint": "",
                        "modelFamily": "",
                        "modelName": "",
                        "modelParameters": Array [],
                        "modelProvider": Object {
                          "label": "",
                          "value": "",
                        },
                        "promptTemplate": "",
                        "sagemakerEndpointName": "",
                        "sagemakerInputSchema": "{
  \\"input\\": \\"<<prompt>>\\",
  \\"parameters\\": {
    \\"temperature\\": \\"<<temperature>>\\"
  }
}",
                        "sagemakerOutputSchema": "",
                        "streaming": false,
                        "temperature": 0.1,
                        "verbose": false,
                      },
                      "useCase": Object {
                        "defaultUserEmail": "",
                        "inError": false,
                        "useCase": Object {
                          "label": "Text",
                          "value": "Chat",
                        },
                        "useCaseDescription": "",
                        "useCaseName": "",
                      },
                      "vpc": Object {
                        "existingVpc": false,
                        "isVpcRequired": false,
                        "securityGroupIds": Array [],
                        "subnetIds": Array [],
                        "vpcId": "",
                      },
                    }
                  }
                  onChange={[Function]}
                  setActiveStepIndex={[Function]}
                  setHelpPanelContent={[Function]}
                />,
                "info": <InfoLink
                  ariaLabel="Information about Review and create."
                  onFollow={[Function]}
                />,
                "isOptional": false,
                "title": "Review and create",
              },
            ]
          }
        />
        <ConfirmDeployModal
          deploymentAction="CREATE"
          isThirdPartyProvider={true}
          onConfirm={[Function]}
          onDiscard={[Function]}
          visible={false}
        />
      </SpaceBetween>
    </Box>
  }
  contentType="wizard"
  data-testid="wizard-view"
  navigation={<Navigation />}
  notifications={
    <Notifications
      onSuccessButtonAction={[Function]}
      status=""
    />
  }
  onToolsChange={[Function]}
  tools={
    <HelpPanel
      footer={
        <ExternalLinkGroup
          items={
            Array [
              Object {
                "href": "https://docs.aws.amazon.com/solutions/latest/generative-ai-application-builder-on-aws/use-cases.html",
                "text": "Learn more about use cases",
              },
            ]
          }
        />
      }
      header={
        <h2>
          Deploying a new use case
        </h2>
      }
    >
      <Box
        variant="p"
      >
        Use this page to create a new deployment
      </Box>
    </HelpPanel>
  }
  toolsOpen={false}
/>
`;
